// Jest Snapshot v1, https://goo.gl/fbAQLP

exports[`SmartFetch no DOM still catches errors without breaking 1`] = `
Err {
  "type": "Err",
  "value": [FetchError: invalid json response body at  reason: Unexpected end of JSON input],
}
`;

exports[`SmartFetch no DOM still returns okay values without breaking 1`] = `
Ok {
  "type": "Ok",
  "value": Object {
    "data": "here",
  },
}
`;
